// Jest Snapshot v1, https://goo.gl/fbAQLP

exports[`LandingPage renders without crashing 1`] = `
<RCTSafeAreaView
  emulateUnlessSupported={true}
  style={
    Object {
      "backgroundColor": "#3F51B5",
      "flex": 1,
    }
  }
>
  <View
    style={
      Object {
        "alignItems": "center",
        "backgroundColor": "#3F51B5",
        "flexDirection": "row",
        "height": 90,
        "width": "100%",
      }
    }
  >
    <Text
      style={
        Object {
          "color": "white",
          "fontSize": 22,
          "marginLeft": 20,
        }
      }
    >
       Awesome Forms 
    </Text>
    <Text
      allowFontScaling={false}
      style={
        Array [
          Object {
            "color": "white",
            "fontSize": 40,
          },
          Object {
            "marginLeft": "auto",
          },
          Object {
            "fontFamily": "Entypo",
            "fontStyle": "normal",
            "fontWeight": "normal",
          },
          Object {},
        ]
      }
    >
      
    </Text>
  </View>
  <RCTScrollView
    contentContainerStyle={
      Object {
        "alignItems": "center",
        "backgroundColor": "#D8E4F0",
        "flexGrow": 1,
        "paddingTop": 30,
        "width": "100%",
      }
    }
  >
    <View />
  </RCTScrollView>
  <View
    accessible={true}
    isTVSelectable={true}
    onResponderGrant={[Function]}
    onResponderMove={[Function]}
    onResponderRelease={[Function]}
    onResponderTerminate={[Function]}
    onResponderTerminationRequest={[Function]}
    onStartShouldSetResponder={[Function]}
    style={
      Object {
        "alignItems": "center",
        "backgroundColor": "#3F51B5",
        "borderRadius": 35,
        "bottom": 40,
        "height": 70,
        "justifyContent": "center",
        "opacity": 1,
        "position": "absolute",
        "right": 40,
        "width": 70,
      }
    }
  >
    <Text
      allowFontScaling={false}
      style={
        Array [
          Object {
            "color": "white",
            "fontSize": 30,
          },
          undefined,
          Object {
            "fontFamily": "Entypo",
            "fontStyle": "normal",
            "fontWeight": "normal",
          },
          Object {},
        ]
      }
    >
      
    </Text>
  </View>
</RCTSafeAreaView>
`;
